// Jest Snapshot v1, https://goo.gl/fbAQLP

exports[`Test Calculator pag testing Calculator page UI rendering 1`] = `
<div
  className="calculator-container"
>
  <div
    className="calculator-usage"
  >
    Lets do some Math!
  </div>
  <div
    className="calculator"
  >
    <div
      className="result"
    >
      <p>
        0
      </p>
    </div>
    <span
      onClick={[Function]}
      role="presentation"
    >
      AC
    </span>
    <span
      onClick={[Function]}
      role="presentation"
    >
      +/-
    </span>
    <span
      onClick={[Function]}
      role="presentation"
    >
      %
    </span>
    <span
      className="operator"
      onClick={[Function]}
      role="presentation"
    >
      รท
    </span>
    <span
      onClick={[Function]}
      role="presentation"
    >
      7
    </span>
    <span
      onClick={[Function]}
      role="presentation"
    >
      8
    </span>
    <span
      onClick={[Function]}
      role="presentation"
    >
      9
    </span>
    <span
      className="operator"
      onClick={[Function]}
      role="presentation"
    >
      x
    </span>
    <span
      onClick={[Function]}
      role="presentation"
    >
      4
    </span>
    <span
      onClick={[Function]}
      role="presentation"
    >
      5
    </span>
    <span
      onClick={[Function]}
      role="presentation"
    >
      6
    </span>
    <span
      className="operator"
      onClick={[Function]}
      role="presentation"
    >
      -
    </span>
    <span
      onClick={[Function]}
      role="presentation"
    >
      1
    </span>
    <span
      onClick={[Function]}
      role="presentation"
    >
      2
    </span>
    <span
      onClick={[Function]}
      role="presentation"
    >
      3
    </span>
    <span
      className="operator"
      onClick={[Function]}
      role="presentation"
    >
      +
    </span>
    <span
      className="double"
      onClick={[Function]}
      role="presentation"
    >
      0
    </span>
    <span
      onClick={[Function]}
      role="presentation"
    >
      .
    </span>
    <span
      className="operator"
      onClick={[Function]}
      role="presentation"
    >
      =
    </span>
  </div>
</div>
`;

exports[`Testing the Calculator page rendering`] = `
<div className="calculator-container">
      <div className="calculator-usage">Lets do some Math!</div>
      <div className="calculator">
        <div className="result">
          <p>{result || 0}</p>
        </div>

        <span onClick={updateObject} role="presentation">
          AC
        </span>
        <span onClick={updateObject} role="presentation">
          +/-
        </span>
        <span onClick={updateObject} role="presentation">
          %
        </span>
        <span onClick={updateObject} role="presentation" className="operator">
          รท
        </span>

        <span onClick={updateObject} role="presentation">
          7
        </span>
        <span onClick={updateObject} role="presentation">
          8
        </span>
        <span onClick={updateObject} role="presentation">
          9
        </span>
        <span onClick={updateObject} role="presentation" className="operator">
          x
        </span>

        <span onClick={updateObject} role="presentation">
          4
        </span>
        <span onClick={updateObject} role="presentation">
          5
        </span>
        <span onClick={updateObject} role="presentation">
          6
        </span>
        <span onClick={updateObject} role="presentation" className="operator">
          -
        </span>

        <span onClick={updateObject} role="presentation">
          1
        </span>
        <span onClick={updateObject} role="presentation">
          2
        </span>
        <span onClick={updateObject} role="presentation">
          3
        </span>
        <span onClick={updateObject} role="presentation" className="operator">
          +
        </span>

        <span onClick={updateObject} role="presentation" className="double">
          0
        </span>
        <span onClick={updateObject} role="presentation">
          .
        </span>
        <span onClick={updateObject} role="presentation" className="operator">
          =
        </span>
      </div>
    </div>
`;
