// Jest Snapshot v1, https://goo.gl/fbAQLP

exports[`Test Header page testing Header page UI rendering 1`] = `
<div
  className="calculator-container"
>
  <div
    className="calculator-usage"
  >
    Lets do some Math!
  </div>
  <div
    className="calculator"
  >
    <div
      className="result"
    >
      <p>
        0
      </p>
    </div>
    <span
      onClick={[Function]}
      role="presentation"
    >
      AC
    </span>
    <span
      onClick={[Function]}
      role="presentation"
    >
      +/-
    </span>
    <span
      onClick={[Function]}
      role="presentation"
    >
      %
    </span>
    <span
      className="operator"
      onClick={[Function]}
      role="presentation"
    >
      รท
    </span>
    <span
      onClick={[Function]}
      role="presentation"
    >
      7
    </span>
    <span
      onClick={[Function]}
      role="presentation"
    >
      8
    </span>
    <span
      onClick={[Function]}
      role="presentation"
    >
      9
    </span>
    <span
      className="operator"
      onClick={[Function]}
      role="presentation"
    >
      x
    </span>
    <span
      onClick={[Function]}
      role="presentation"
    >
      4
    </span>
    <span
      onClick={[Function]}
      role="presentation"
    >
      5
    </span>
    <span
      onClick={[Function]}
      role="presentation"
    >
      6
    </span>
    <span
      className="operator"
      onClick={[Function]}
      role="presentation"
    >
      -
    </span>
    <span
      onClick={[Function]}
      role="presentation"
    >
      1
    </span>
    <span
      onClick={[Function]}
      role="presentation"
    >
      2
    </span>
    <span
      onClick={[Function]}
      role="presentation"
    >
      3
    </span>
    <span
      className="operator"
      onClick={[Function]}
      role="presentation"
    >
      +
    </span>
    <span
      className="double"
      onClick={[Function]}
      role="presentation"
    >
      0
    </span>
    <span
      onClick={[Function]}
      role="presentation"
    >
      .
    </span>
    <span
      className="operator"
      onClick={[Function]}
      role="presentation"
    >
      =
    </span>
  </div>
</div>
`;
