// Jest Snapshot v1, https://goo.gl/fbAQLP

exports[`Test Quotes pag testing Quotes page UI rendering 1`] = `
<div
  className="container quote"
>
  <p>
    Mathematics is not about numbers, equations, computations,
     
    <br />
     
    or algorithm; it is about understanding. -William Paul Thurston.
  </p>
</div>
`;
